checkpoint : teacher_best.pt (epoch 51)
focal alpha: W=0.7027, N1=1.2182, N2=0.6486, N3=1.3855, REM=1.0449

collecting VALIDATION probabilities (31 recordings)
    [ 1/31] SC4081E0-PSG (0.1 min)
    [ 2/31] SC4082E0-PSG (0.1 min)
    [ 3/31] SC4111E0-PSG (0.2 min)
    [ 4/31] SC4112E0-PSG (0.2 min)
    [ 5/31] SC4131E0-PSG (0.2 min)
    [ 6/31] SC4171E0-PSG (0.3 min)
    [ 7/31] SC4172E0-PSG (0.3 min)
    [ 8/31] SC4321E0-PSG (0.4 min)
    [ 9/31] SC4322E0-PSG (0.4 min)
    [10/31] SC4341F0-PSG (0.5 min)
    [11/31] SC4342F0-PSG (0.6 min)
    [12/31] SC4351F0-PSG (0.6 min)
    [13/31] SC4352F0-PSG (0.6 min)
    [14/31] SC4441E0-PSG (0.7 min)
    [15/31] SC4442E0-PSG (0.7 min)
    [16/31] SC4461F0-PSG (0.8 min)
    [17/31] SC4462F0-PSG (0.8 min)
    [18/31] SC4561F0-PSG (0.9 min)
    [19/31] SC4562F0-PSG (0.9 min)
    [20/31] SC4581G0-PSG (1.0 min)
    [21/31] SC4582G0-PSG (1.0 min)
    [22/31] SC4671G0-PSG (1.1 min)
    [23/31] SC4672G0-PSG (1.1 min)
    [24/31] ST7081J0-PSG (1.2 min)
    [25/31] ST7082J0-PSG (1.2 min)
    [26/31] ST7131J0-PSG (1.2 min)
    [27/31] ST7132J0-PSG (1.3 min)
    [28/31] ST7151J0-PSG (1.3 min)
    [29/31] ST7152J0-PSG (1.3 min)
    [30/31] ST7201J0-PSG (1.4 min)
    [31/31] ST7202J0-PSG (1.4 min)
  34,610 epochs
collecting TEST probabilities (29 recordings)
    [ 1/29] SC4011E0-PSG (0.0 min)
    [ 2/29] SC4012E0-PSG (0.1 min)
    [ 3/29] SC4021E0-PSG (0.1 min)
    [ 4/29] SC4022E0-PSG (0.2 min)
    [ 5/29] SC4141E0-PSG (0.2 min)
    [ 6/29] SC4142E0-PSG (0.3 min)
    [ 7/29] SC4201E0-PSG (0.3 min)
    [ 8/29] SC4202E0-PSG (0.3 min)
    [ 9/29] SC4211E0-PSG (0.4 min)
    [10/29] SC4212E0-PSG (0.4 min)
    [11/29] SC4231E0-PSG (0.5 min)
    [12/29] SC4232E0-PSG (0.5 min)
    [13/29] SC4291G0-PSG (0.6 min)
    [14/29] SC4292G0-PSG (0.6 min)
    [15/29] SC4371F0-PSG (0.7 min)
    [16/29] SC4372F0-PSG (0.7 min)
    [17/29] SC4522E0-PSG (0.8 min)
    [18/29] SC4531E0-PSG (0.8 min)
    [19/29] SC4532E0-PSG (0.9 min)
    [20/29] SC4611E0-PSG (0.9 min)
    [21/29] SC4612E0-PSG (1.0 min)
    [22/29] SC4741E0-PSG (1.1 min)
    [23/29] SC4742E0-PSG (1.1 min)
    [24/29] ST7101J0-PSG (1.1 min)
    [25/29] ST7102J0-PSG (1.2 min)
    [26/29] ST7141J0-PSG (1.2 min)
    [27/29] ST7142J0-PSG (1.2 min)
    [28/29] ST7161J0-PSG (1.3 min)
    [29/29] ST7162J0-PSG (1.3 min)
  33,431 epochs

fitted on VALIDATION, selecting on macro_f1
  best g = 0.025   (val macro_f1 = 0.6979)
  note: g=0.5 is the principled sqrt-alpha choice; val macro_f1 there = 0.6923

==============================================================================
setting                                acc   kappa     mF1   N1 F1   N2 F1  N1 ratio
------------------------------------------------------------------------------
as-trained (g=0)                    0.7086  0.6055  0.6548  0.3528  0.7558     1.07x
sqrt-alpha (g=0.5, principled)      0.7160  0.6076  0.6435  0.3186  0.7688     0.77x
val-fitted (g=0.025)                0.7090  0.6055  0.6543  0.3509  0.7565     1.06x
==============================================================================

DELTA from validation-fitted correction (test split, honest):
  accuracy     0.7086 -> 0.7090   (+0.0003)
  kappa        0.6055 -> 0.6055   (+0.0000)
  macro_f1     0.6548 -> 0.6543   (-0.0005)
  per-class F1:
    W     0.8212 -> 0.8211   (-0.0001)
    N1    0.3528 -> 0.3509   (-0.0018)
    N2    0.7558 -> 0.7565   (+0.0007)
    N3    0.6863 -> 0.6849   (-0.0015)
    REM   0.6579 -> 0.6580   (+0.0001)
  prediction ratio (1.00x = calibrated frequency):
    W     1.04x -> 1.04x
    N1    1.07x -> 1.06x
    N2    0.99x -> 1.00x
    N3    1.01x -> 1.00x
    REM   0.92x -> 0.91x

Wrote distillation\results\prior_correction_E1b.json
