
========================================================================
E1A  |  29 held-out test recordings
========================================================================
  [ 1/29] SC4011E0-PSG n= 1103 (0.1 min)
  [ 2/29] SC4012E0-PSG n= 1186 (0.3 min)
  [ 3/29] SC4021E0-PSG n= 1025 (0.3 min)
  [ 4/29] SC4022E0-PSG n= 1009 (0.4 min)
  [ 5/29] SC4141E0-PSG n= 1004 (0.5 min)
  [ 6/29] SC4142E0-PSG n=  952 (0.6 min)
  [ 7/29] SC4201E0-PSG n= 1022 (0.7 min)
  [ 8/29] SC4202E0-PSG n= 1021 (0.7 min)
  [ 9/29] SC4211E0-PSG n= 1578 (0.9 min)
  [10/29] SC4212E0-PSG n=  808 (0.9 min)
  [11/29] SC4231E0-PSG n=  904 (1.0 min)
  [12/29] SC4232E0-PSG n= 1729 (1.2 min)
  [13/29] SC4291G0-PSG n= 1131 (1.2 min)
  [14/29] SC4292G0-PSG n= 1605 (1.4 min)
  [15/29] SC4371F0-PSG n=  918 (1.4 min)
  [16/29] SC4372F0-PSG n= 1509 (1.6 min)
  [17/29] SC4522E0-PSG n=  997 (1.6 min)
  [18/29] SC4531E0-PSG n= 1096 (1.7 min)
  [19/29] SC4532E0-PSG n= 1056 (1.8 min)
  [20/29] SC4611E0-PSG n= 1652 (1.9 min)
  [21/29] SC4612E0-PSG n= 1062 (2.0 min)
  [22/29] SC4741E0-PSG n= 2210 (2.2 min)
  [23/29] SC4742E0-PSG n= 1063 (2.3 min)
  [24/29] ST7101J0-PSG n= 1042 (2.4 min)
  [25/29] ST7102J0-PSG n=  980 (2.5 min)
  [26/29] ST7141J0-PSG n=  858 (2.5 min)
  [27/29] ST7142J0-PSG n=  873 (2.6 min)
  [28/29] ST7161J0-PSG n= 1050 (2.7 min)
  [29/29] ST7162J0-PSG n=  988 (2.8 min)
  33,431 epochs

  ONE-VS-REST           AUC      AP  prevalence
  W                0.9622  0.9295      0.2661
  N1               0.8026  0.3202      0.1048
  N2               0.9037  0.8555      0.3822
  N3               0.9553  0.7681      0.0823
  REM              0.9233  0.7533      0.1646

  PAIRWISE (score = p_A / (p_A + p_B), epochs with y in {A,B})
  pair               AUC     n_A     n_B
  W_vs_N1         0.9280   8,897   3,503
  W_vs_N2         0.9792   8,897  12,778
  W_vs_N3         0.9870   8,897   2,751
  W_vs_REM        0.9695   8,897   5,502
  N1_vs_N2        0.8142   3,503  12,778   <-- dominant confusion
  N1_vs_N3        0.9700   3,503   2,751
  N1_vs_REM       0.8681   3,503   5,502
  N2_vs_N3        0.9373  12,778   2,751
  N2_vs_REM       0.9128  12,778   5,502
  N3_vs_REM       0.9920   2,751   5,502

  MEAN PREDICTED PROBABILITY, by true class (rows) x class (cols)
  true           W       N1       N2       N3      REM
  W          0.706    0.224    0.029    0.013    0.027
  N1         0.123    0.509    0.217    0.035    0.117
  N2         0.051    0.298    0.457    0.128    0.067
  N3         0.059    0.055    0.178    0.694    0.015
  REM        0.053    0.226    0.151    0.014    0.556

========================================================================
VERDICT
========================================================================
  E1a         N1 one-vs-rest AUC=0.8026 AP=0.3202 | N1-vs-N2 AUC=0.8142 | N1-vs-N3 AUC=0.9700

  Interpretation:
    N1-vs-N2 AUC near 0.5-0.7  -> representation limit; sampling (E2) cannot help
    N1-vs-N2 AUC above ~0.85   -> ranking is fine, operating point is wrong; E2 may help

Wrote distillation\results\separability_diagnostic_E1a.json
